Archive member included to satisfy reference by file (symbol)

/opt/st/stm32cubeide_1.6.1/plugins/com.st.stm32cube.ide.mcu.externaltools.gnu-tools-for-stm32.9-2020-q2-update.linux64_1.5.0.202011040924/tools/bin/../lib/gcc/arm-none-eabi/9.3.1/../../../../arm-none-eabi/lib/thumb/v7-m/nofp/libc_nano.a(lib_a-errno.o)
                              Core/Src/syscalls.o (__errno)
/opt/st/stm32cubeide_1.6.1/plugins/com.st.stm32cube.ide.mcu.externaltools.gnu-tools-for-stm32.9-2020-q2-update.linux64_1.5.0.202011040924/tools/bin/../lib/gcc/arm-none-eabi/9.3.1/../../../../arm-none-eabi/lib/thumb/v7-m/nofp/libc_nano.a(lib_a-exit.o)
                              /opt/st/stm32cubeide_1.6.1/plugins/com.st.stm32cube.ide.mcu.externaltools.gnu-tools-for-stm32.9-2020-q2-update.linux64_1.5.0.202011040924/tools/bin/../lib/gcc/arm-none-eabi/9.3.1/../../../../arm-none-eabi/lib/thumb/v7-m/nofp/crt0.o (exit)
/opt/st/stm32cubeide_1.6.1/plugins/com.st.stm32cube.ide.mcu.externaltools.gnu-tools-for-stm32.9-2020-q2-update.linux64_1.5.0.202011040924/tools/bin/../lib/gcc/arm-none-eabi/9.3.1/../../../../arm-none-eabi/lib/thumb/v7-m/nofp/libc_nano.a(lib_a-impure.o)
                              /opt/st/stm32cubeide_1.6.1/plugins/com.st.stm32cube.ide.mcu.externaltools.gnu-tools-for-stm32.9-2020-q2-update.linux64_1.5.0.202011040924/tools/bin/../lib/gcc/arm-none-eabi/9.3.1/../../../../arm-none-eabi/lib/thumb/v7-m/nofp/libc_nano.a(lib_a-exit.o) (_global_impure_ptr)
/opt/st/stm32cubeide_1.6.1/plugins/com.st.stm32cube.ide.mcu.externaltools.gnu-tools-for-stm32.9-2020-q2-update.linux64_1.5.0.202011040924/tools/bin/../lib/gcc/arm-none-eabi/9.3.1/../../../../arm-none-eabi/lib/thumb/v7-m/nofp/libc_nano.a(lib_a-init.o)
                              /opt/st/stm32cubeide_1.6.1/plugins/com.st.stm32cube.ide.mcu.externaltools.gnu-tools-for-stm32.9-2020-q2-update.linux64_1.5.0.202011040924/tools/bin/../lib/gcc/arm-none-eabi/9.3.1/../../../../arm-none-eabi/lib/thumb/v7-m/nofp/crt0.o (__libc_init_array)
/opt/st/stm32cubeide_1.6.1/plugins/com.st.stm32cube.ide.mcu.externaltools.gnu-tools-for-stm32.9-2020-q2-update.linux64_1.5.0.202011040924/tools/bin/../lib/gcc/arm-none-eabi/9.3.1/../../../../arm-none-eabi/lib/thumb/v7-m/nofp/libc_nano.a(lib_a-memset.o)
                              /opt/st/stm32cubeide_1.6.1/plugins/com.st.stm32cube.ide.mcu.externaltools.gnu-tools-for-stm32.9-2020-q2-update.linux64_1.5.0.202011040924/tools/bin/../lib/gcc/arm-none-eabi/9.3.1/../../../../arm-none-eabi/lib/thumb/v7-m/nofp/crt0.o (memset)

Allocating common symbols
Common symbol       size              file

mailbox             0x4               Core/Src/isolacaobaixa.o
UARTRxData          0x28              Core/Src/isolacaobaixa.o
hcan                0x28              Core/Src/isolacaobaixa.o
uwTick              0x4               Drivers/STM32F1xx_HAL_Driver/Src/stm32f1xx_hal.o
pFlash              0x20              Drivers/STM32F1xx_HAL_Driver/Src/stm32f1xx_hal_flash.o
hdma_usart1_tx      0x44              Core/Src/isolacaobaixa.o
hadc1               0x30              Core/Src/isolacaobaixa.o
hdma_usart1_rx      0x44              Core/Src/isolacaobaixa.o
huart1              0x44              Core/Src/isolacaobaixa.o
htim2               0x48              Core/Src/isolacaobaixa.o
TxHeader            0x18              Core/Src/isolacaobaixa.o
mux                 0x1               Core/Src/isolacaobaixa.o

Discarded input sections

 .text          0x0000000000000000        0x0 /opt/st/stm32cubeide_1.6.1/plugins/com.st.stm32cube.ide.mcu.externaltools.gnu-tools-for-stm32.9-2020-q2-update.linux64_1.5.0.202011040924/tools/bin/../lib/gcc/arm-none-eabi/9.3.1/thumb/v7-m/nofp/crti.o
 .data          0x0000000000000000        0x0 /opt/st/stm32cubeide_1.6.1/plugins/com.st.stm32cube.ide.mcu.externaltools.gnu-tools-for-stm32.9-2020-q2-update.linux64_1.5.0.202011040924/tools/bin/../lib/gcc/arm-none-eabi/9.3.1/thumb/v7-m/nofp/crti.o
 .bss           0x0000000000000000        0x0 /opt/st/stm32cubeide_1.6.1/plugins/com.st.stm32cube.ide.mcu.externaltools.gnu-tools-for-stm32.9-2020-q2-update.linux64_1.5.0.202011040924/tools/bin/../lib/gcc/arm-none-eabi/9.3.1/thumb/v7-m/nofp/crti.o
 .data          0x0000000000000000        0x4 /opt/st/stm32cubeide_1.6.1/plugins/com.st.stm32cube.ide.mcu.externaltools.gnu-tools-for-stm32.9-2020-q2-update.linux64_1.5.0.202011040924/tools/bin/../lib/gcc/arm-none-eabi/9.3.1/thumb/v7-m/nofp/crtbegin.o
 .text          0x0000000000000000       0x7c /opt/st/stm32cubeide_1.6.1/plugins/com.st.stm32cube.ide.mcu.externaltools.gnu-tools-for-stm32.9-2020-q2-update.linux64_1.5.0.202011040924/tools/bin/../lib/gcc/arm-none-eabi/9.3.1/../../../../arm-none-eabi/lib/thumb/v7-m/nofp/crt0.o
 .data          0x0000000000000000        0x0 /opt/st/stm32cubeide_1.6.1/plugins/com.st.stm32cube.ide.mcu.externaltools.gnu-tools-for-stm32.9-2020-q2-update.linux64_1.5.0.202011040924/tools/bin/../lib/gcc/arm-none-eabi/9.3.1/../../../../arm-none-eabi/lib/thumb/v7-m/nofp/crt0.o
[...]
Memory Configuration

Name             Origin             Length             Attributes
RAM              0x0000000020000000 0x0000000000005000 xrw
FLASH            0x0000000008000000 0x0000000000010000 xr
*default*        0x0000000000000000 0xffffffffffffffff

Linker script and memory map

LOAD /opt/st/stm32cubeide_1.6.1/plugins/com.st.stm32cube.ide.mcu.externaltools.gnu-tools-for-stm32.9-2020-q2-update.linux64_1.5.0.202011040924/tools/bin/../lib/gcc/arm-none-eabi/9.3.1/thumb/v7-m/nofp/crti.o
LOAD /opt/st/stm32cubeide_1.6.1/plugins/com.st.stm32cube.ide.mcu.externaltools.gnu-tools-for-stm32.9-2020-q2-update.linux64_1.5.0.202011040924/tools/bin/../lib/gcc/arm-none-eabi/9.3.1/thumb/v7-m/nofp/crtbegin.o
LOAD /opt/st/stm32cubeide_1.6.1/plugins/com.st.stm32cube.ide.mcu.externaltools.gnu-tools-for-stm32.9-2020-q2-update.linux64_1.5.0.202011040924/tools/bin/../lib/gcc/arm-none-eabi/9.3.1/../../../../arm-none-eabi/lib/thumb/v7-m/nofp/crt0.o
LOAD Core/Src/isolacaobaixa.o
LOAD Core/Src/main.o
LOAD Core/Src/stm32f1xx_hal_msp.o
LOAD Core/Src/stm32f1xx_it.o
LOAD Core/Src/syscalls.o
LOAD Core/Src/sysmem.o
LOAD Core/Src/system_stm32f1xx.o
LOAD Core/Startup/startup_stm32f103c8tx.o
LOAD Drivers/STM32F1xx_HAL_Driver/Src/stm32f1xx_hal.o
LOAD Drivers/STM32F1xx_HAL_Driver/Src/stm32f1xx_hal_adc.o
LOAD Drivers/STM32F1xx_HAL_Driver/Src/stm32f1xx_hal_adc_ex.o
LOAD Drivers/STM32F1xx_HAL_Driver/Src/stm32f1xx_hal_can.o
LOAD Drivers/STM32F1xx_HAL_Driver/Src/stm32f1xx_hal_cortex.o
LOAD Drivers/STM32F1xx_HAL_Driver/Src/stm32f1xx_hal_dma.o
LOAD Drivers/STM32F1xx_HAL_Driver/Src/stm32f1xx_hal_exti.o
LOAD Drivers/STM32F1xx_HAL_Driver/Src/stm32f1xx_hal_flash.o
LOAD Drivers/STM32F1xx_HAL_Driver/Src/stm32f1xx_hal_flash_ex.o
LOAD Drivers/STM32F1xx_HAL_Driver/Src/stm32f1xx_hal_gpio.o
LOAD Drivers/STM32F1xx_HAL_Driver/Src/stm32f1xx_hal_gpio_ex.o
LOAD Drivers/STM32F1xx_HAL_Driver/Src/stm32f1xx_hal_pwr.o
LOAD Drivers/STM32F1xx_HAL_Driver/Src/stm32f1xx_hal_rcc.o
LOAD Drivers/STM32F1xx_HAL_Driver/Src/stm32f1xx_hal_rcc_ex.o
LOAD Drivers/STM32F1xx_HAL_Driver/Src/stm32f1xx_hal_tim.o
LOAD Drivers/STM32F1xx_HAL_Driver/Src/stm32f1xx_hal_tim_ex.o
LOAD Drivers/STM32F1xx_HAL_Driver/Src/stm32f1xx_hal_uart.o
START GROUP
LOAD /opt/st/stm32cubeide_1.6.1/plugins/com.st.stm32cube.ide.mcu.externaltools.gnu-tools-for-stm32.9-2020-q2-update.linux64_1.5.0.202011040924/tools/bin/../lib/gcc/arm-none-eabi/9.3.1/../../../../arm-none-eabi/lib/thumb/v7-m/nofp/libc_nano.a
LOAD /opt/st/stm32cubeide_1.6.1/plugins/com.st.stm32cube.ide.mcu.externaltools.gnu-tools-for-stm32.9-2020-q2-update.linux64_1.5.0.202011040924/tools/bin/../lib/gcc/arm-none-eabi/9.3.1/../../../../arm-none-eabi/lib/thumb/v7-m/nofp/libm.a
END GROUP
START GROUP
LOAD /opt/st/stm32cubeide_1.6.1/plugins/com.st.stm32cube.ide.mcu.externaltools.gnu-tools-for-stm32.9-2020-q2-update.linux64_1.5.0.202011040924/tools/bin/../lib/gcc/arm-none-eabi/9.3.1/thumb/v7-m/nofp/libgcc.a
LOAD /opt/st/stm32cubeide_1.6.1/plugins/com.st.stm32cube.ide.mcu.externaltools.gnu-tools-for-stm32.9-2020-q2-update.linux64_1.5.0.202011040924/tools/bin/../lib/gcc/arm-none-eabi/9.3.1/../../../../arm-none-eabi/lib/thumb/v7-m/nofp/libc_nano.a
END GROUP
START GROUP
LOAD /opt/st/stm32cubeide_1.6.1/plugins/com.st.stm32cube.ide.mcu.externaltools.gnu-tools-for-stm32.9-2020-q2-update.linux64_1.5.0.202011040924/tools/bin/../lib/gcc/arm-none-eabi/9.3.1/thumb/v7-m/nofp/libgcc.a
LOAD /opt/st/stm32cubeide_1.6.1/plugins/com.st.stm32cube.ide.mcu.externaltools.gnu-tools-for-stm32.9-2020-q2-update.linux64_1.5.0.202011040924/tools/bin/../lib/gcc/arm-none-eabi/9.3.1/../../../../arm-none-eabi/lib/thumb/v7-m/nofp/libc_nano.a
LOAD /opt/st/stm32cubeide_1.6.1/plugins/com.st.stm32cube.ide.mcu.externaltools.gnu-tools-for-stm32.9-2020-q2-update.linux64_1.5.0.202011040924/tools/bin/../lib/gcc/arm-none-eabi/9.3.1/../../../../arm-none-eabi/lib/thumb/v7-m/nofp/libnosys.a
END GROUP
START GROUP
LOAD /opt/st/stm32cubeide_1.6.1/plugins/com.st.stm32cube.ide.mcu.externaltools.gnu-tools-for-stm32.9-2020-q2-update.linux64_1.5.0.202011040924/tools/bin/../lib/gcc/arm-none-eabi/9.3.1/thumb/v7-m/nofp/libgcc.a
LOAD /opt/st/stm32cubeide_1.6.1/plugins/com.st.stm32cube.ide.mcu.externaltools.gnu-tools-for-stm32.9-2020-q2-update.linux64_1.5.0.202011040924/tools/bin/../lib/gcc/arm-none-eabi/9.3.1/../../../../arm-none-eabi/lib/thumb/v7-m/nofp/libc_nano.a
LOAD /opt/st/stm32cubeide_1.6.1/plugins/com.st.stm32cube.ide.mcu.externaltools.gnu-tools-for-stm32.9-2020-q2-update.linux64_1.5.0.202011040924/tools/bin/../lib/gcc/arm-none-eabi/9.3.1/../../../../arm-none-eabi/lib/thumb/v7-m/nofp/libnosys.a
END GROUP
LOAD /opt/st/stm32cubeide_1.6.1/plugins/com.st.stm32cube.ide.mcu.externaltools.gnu-tools-for-stm32.9-2020-q2-update.linux64_1.5.0.202011040924/tools/bin/../lib/gcc/arm-none-eabi/9.3.1/thumb/v7-m/nofp/crtend.o
LOAD /opt/st/stm32cubeide_1.6.1/plugins/com.st.stm32cube.ide.mcu.externaltools.gnu-tools-for-stm32.9-2020-q2-update.linux64_1.5.0.202011040924/tools/bin/../lib/gcc/arm-none-eabi/9.3.1/thumb/v7-m/nofp/crtn.o
                0x0000000020005000                _estack = (ORIGIN (RAM) + LENGTH (RAM))
                0x0000000000000200                _Min_Heap_Size = 0x200
                0x0000000000000400                _Min_Stack_Size = 0x400

.isr_vector     0x0000000008000000      0x10c
                0x0000000008000000                . = ALIGN (0x4)
 *(.isr_vector)
 .isr_vector    0x0000000008000000      0x10c Core/Startup/startup_stm32f103c8tx.o
                0x0000000008000000                g_pfnVectors
                0x000000000800010c                . = ALIGN (0x4)

.text           0x000000000800010c     0x3620
                0x000000000800010c                . = ALIGN (0x4)
 *(.text)
 .text          0x000000000800010c       0x40 /opt/st/stm32cubeide_1.6.1/plugins/com.st.stm32cube.ide.mcu.externaltools.gnu-tools-for-stm32.9-2020-q2-update.linux64_1.5.0.202011040924/tools/bin/../lib/gcc/arm-none-eabi/9.3.1/thumb/v7-m/nofp/crtbegin.o
 *(.text*)
 .text.setup    0x000000000800014c       0xa4 Core/Src/isolacaobaixa.o
                0x000000000800014c                setup
 .text.HAL_UART_RxCpltCallback
                0x00000000080001f0       0x68 Core/Src/isolacaobaixa.o
                0x00000000080001f0                HAL_UART_RxCpltCallback
 .text.sendCANMessage
                0x0000000008000258       0xe0 Core/Src/isolacaobaixa.o
                0x0000000008000258                sendCANMessage
 .text.loop     0x0000000008000338       0x44 Core/Src/isolacaobaixa.o
                0x0000000008000338                loop
 .text.main     0x000000000800037c       0x32 Core/Src/main.o
                0x000000000800037c                main
 .text.SystemClock_Config
                0x00000000080003ae       0xb6 Core/Src/main.o
                0x00000000080003ae                SystemClock_Config
 .text.MX_ADC1_Init
                0x0000000008000464       0x7c Core/Src/main.o
 .text.MX_CAN_Init
                0x00000000080004e0       0x6c Core/Src/main.o
 .text.MX_TIM2_Init
                0x000000000800054c       0xc8 Core/Src/main.o
 .text.MX_USART1_UART_Init
                0x0000000008000614       0x54 Core/Src/main.o
 .text.MX_DMA_Init
                0x0000000008000668       0x4c Core/Src/main.o
 .text.MX_GPIO_Init
                0x00000000080006b4       0xe8 Core/Src/main.o
 .text.Error_Handler
                0x000000000800079c        0xa Core/Src/main.o
                0x000000000800079c                Error_Handler
 *fill*         0x00000000080007a6        0x2 
 .text.HAL_MspInit
                0x00000000080007a8       0x64 Core/Src/stm32f1xx_hal_msp.o
                0x00000000080007a8                HAL_MspInit
 .text.HAL_ADC_MspInit
                0x000000000800080c       0x78 Core/Src/stm32f1xx_hal_msp.o
                0x000000000800080c                HAL_ADC_MspInit
 .text.HAL_CAN_MspInit
                0x0000000008000884       0x98 Core/Src/stm32f1xx_hal_msp.o
                0x0000000008000884                HAL_CAN_MspInit
 .text.HAL_TIM_PWM_MspInit
                0x000000000800091c       0x38 Core/Src/stm32f1xx_hal_msp.o
                0x000000000800091c                HAL_TIM_PWM_MspInit
 .text.HAL_TIM_MspPostInit
                0x0000000008000954       0x60 Core/Src/stm32f1xx_hal_msp.o
                0x0000000008000954                HAL_TIM_MspPostInit
 .text.HAL_UART_MspInit
                0x00000000080009b4      0x140 Core/Src/stm32f1xx_hal_msp.o
                0x00000000080009b4                HAL_UART_MspInit
 .text.NMI_Handler
                0x0000000008000af4        0x6 Core/Src/stm32f1xx_it.o
                0x0000000008000af4                NMI_Handler
 .text.HardFault_Handler
                0x0000000008000afa        0x6 Core/Src/stm32f1xx_it.o
                0x0000000008000afa                HardFault_Handler
 .text.MemManage_Handler
                0x0000000008000b00        0x6 Core/Src/stm32f1xx_it.o
                0x0000000008000b00                MemManage_Handler
 .text.BusFault_Handler
                0x0000000008000b06        0x6 Core/Src/stm32f1xx_it.o
                0x0000000008000b06                BusFault_Handler
 .text.UsageFault_Handler
                0x0000000008000b0c        0x6 Core/Src/stm32f1xx_it.o
                0x0000000008000b0c                UsageFault_Handler
 .text.SVC_Handler
                0x0000000008000b12        0xc Core/Src/stm32f1xx_it.o
                0x0000000008000b12                SVC_Handler
 .text.DebugMon_Handler
                0x0000000008000b1e        0xc Core/Src/stm32f1xx_it.o
                0x0000000008000b1e                DebugMon_Handler
 .text.PendSV_Handler
                0x0000000008000b2a        0xc Core/Src/stm32f1xx_it.o
                0x0000000008000b2a                PendSV_Handler
 .text.SysTick_Handler
                0x0000000008000b36        0xc Core/Src/stm32f1xx_it.o
                0x0000000008000b36                SysTick_Handler
 *fill*         0x0000000008000b42        0x2 
 .text.DMA1_Channel4_IRQHandler
                0x0000000008000b44       0x14 Core/Src/stm32f1xx_it.o
                0x0000000008000b44                DMA1_Channel4_IRQHandler
 .text.DMA1_Channel5_IRQHandler
                0x0000000008000b58       0x14 Core/Src/stm32f1xx_it.o
                0x0000000008000b58                DMA1_Channel5_IRQHandler
 .text.SystemInit
                0x0000000008000b6c        0xc Core/Src/system_stm32f1xx.o
                0x0000000008000b6c                SystemInit
 .text.Reset_Handler
                0x0000000008000b78       0x48 Core/Startup/startup_stm32f103c8tx.o
                0x0000000008000b78                Reset_Handler
 .text.Default_Handler
                0x0000000008000bc0        0x2 Core/Startup/startup_stm32f103c8tx.o
                0x0000000008000bc0                RTC_Alarm_IRQHandler
                0x0000000008000bc0                EXTI2_IRQHandler
                0x0000000008000bc0                TIM1_CC_IRQHandler
                0x0000000008000bc0                PVD_IRQHandler
                0x0000000008000bc0                EXTI3_IRQHandler
                0x0000000008000bc0                EXTI0_IRQHandler
                0x0000000008000bc0                I2C2_EV_IRQHandler
                0x0000000008000bc0                ADC1_2_IRQHandler
                0x0000000008000bc0                SPI1_IRQHandler
                0x0000000008000bc0                TAMPER_IRQHandler
                0x0000000008000bc0                USART3_IRQHandler
                0x0000000008000bc0                RTC_IRQHandler
                0x0000000008000bc0                DMA1_Channel7_IRQHandler
                0x0000000008000bc0                CAN1_RX1_IRQHandler
                0x0000000008000bc0                TIM4_IRQHandler
                0x0000000008000bc0                I2C1_EV_IRQHandler
                0x0000000008000bc0                DMA1_Channel6_IRQHandler
                0x0000000008000bc0                TIM3_IRQHandler
                0x0000000008000bc0                RCC_IRQHandler
                0x0000000008000bc0                TIM1_TRG_COM_IRQHandler
                0x0000000008000bc0                DMA1_Channel1_IRQHandler
                0x0000000008000bc0                Default_Handler
                0x0000000008000bc0                EXTI15_10_IRQHandler
                0x0000000008000bc0                EXTI9_5_IRQHandler
                0x0000000008000bc0                SPI2_IRQHandler
                0x0000000008000bc0                EXTI4_IRQHandler
                0x0000000008000bc0                USB_LP_CAN1_RX0_IRQHandler
                0x0000000008000bc0                USB_HP_CAN1_TX_IRQHandler
                0x0000000008000bc0                DMA1_Channel3_IRQHandler
                0x0000000008000bc0                TIM1_UP_IRQHandler
                0x0000000008000bc0                WWDG_IRQHandler
                0x0000000008000bc0                TIM2_IRQHandler
                0x0000000008000bc0                TIM1_BRK_IRQHandler
                0x0000000008000bc0                EXTI1_IRQHandler
                0x0000000008000bc0                USART2_IRQHandler
                0x0000000008000bc0                I2C2_ER_IRQHandler
                0x0000000008000bc0                DMA1_Channel2_IRQHandler
                0x0000000008000bc0                CAN1_SCE_IRQHandler
                0x0000000008000bc0                FLASH_IRQHandler
                0x0000000008000bc0                USART1_IRQHandler
                0x0000000008000bc0                I2C1_ER_IRQHandler
                0x0000000008000bc0                USBWakeUp_IRQHandler
 *fill*         0x0000000008000bc2        0x2 
 .text.HAL_Init
                0x0000000008000bc4       0x2c Drivers/STM32F1xx_HAL_Driver/Src/stm32f1xx_hal.o
                0x0000000008000bc4                HAL_Init
 .text.HAL_InitTick
                0x0000000008000bf0       0x60 Drivers/STM32F1xx_HAL_Driver/Src/stm32f1xx_hal.o
                0x0000000008000bf0                HAL_InitTick
 .text.HAL_IncTick
                0x0000000008000c50       0x24 Drivers/STM32F1xx_HAL_Driver/Src/stm32f1xx_hal.o
                0x0000000008000c50                HAL_IncTick
 .text.HAL_GetTick
                0x0000000008000c74       0x14 Drivers/STM32F1xx_HAL_Driver/Src/stm32f1xx_hal.o
                0x0000000008000c74                HAL_GetTick
 .text.HAL_ADC_Init
                0x0000000008000c88      0x1b0 Drivers/STM32F1xx_HAL_Driver/Src/stm32f1xx_hal_adc.o
                0x0000000008000c88                HAL_ADC_Init
 .text.HAL_ADC_ConfigChannel
                0x0000000008000e38      0x1f0 Drivers/STM32F1xx_HAL_Driver/Src/stm32f1xx_hal_adc.o
                0x0000000008000e38                HAL_ADC_ConfigChannel
 .text.ADC_ConversionStop_Disable
                0x0000000008001028       0x82 Drivers/STM32F1xx_HAL_Driver/Src/stm32f1xx_hal_adc.o
                0x0000000008001028                ADC_ConversionStop_Disable
 .text.HAL_CAN_Init
                0x00000000080010aa      0x1f6 Drivers/STM32F1xx_HAL_Driver/Src/stm32f1xx_hal_can.o
                0x00000000080010aa                HAL_CAN_Init
 .text.HAL_CAN_ConfigFilter
                0x00000000080012a0      0x192 Drivers/STM32F1xx_HAL_Driver/Src/stm32f1xx_hal_can.o
                0x00000000080012a0                HAL_CAN_ConfigFilter
 .text.HAL_CAN_Start
                0x0000000008001432       0x88 Drivers/STM32F1xx_HAL_Driver/Src/stm32f1xx_hal_can.o
                0x0000000008001432                HAL_CAN_Start
 .text.HAL_CAN_AddTxMessage
                0x00000000080014ba      0x1b4 Drivers/STM32F1xx_HAL_Driver/Src/stm32f1xx_hal_can.o
                0x00000000080014ba                HAL_CAN_AddTxMessage
 .text.HAL_CAN_ActivateNotification
                0x000000000800166e       0x4a Drivers/STM32F1xx_HAL_Driver/Src/stm32f1xx_hal_can.o
                0x000000000800166e                HAL_CAN_ActivateNotification
 .text.__NVIC_SetPriorityGrouping
                0x00000000080016b8       0x48 Drivers/STM32F1xx_HAL_Driver/Src/stm32f1xx_hal_cortex.o
 .text.__NVIC_GetPriorityGrouping
                0x0000000008001700       0x1c Drivers/STM32F1xx_HAL_Driver/Src/stm32f1xx_hal_cortex.o
 .text.__NVIC_EnableIRQ
                0x000000000800171c       0x38 Drivers/STM32F1xx_HAL_Driver/Src/stm32f1xx_hal_cortex.o
 .text.__NVIC_SetPriority
                0x0000000008001754       0x54 Drivers/STM32F1xx_HAL_Driver/Src/stm32f1xx_hal_cortex.o
 .text.NVIC_EncodePriority
                0x00000000080017a8       0x64 Drivers/STM32F1xx_HAL_Driver/Src/stm32f1xx_hal_cortex.o
 .text.SysTick_Config
                0x000000000800180c       0x44 Drivers/STM32F1xx_HAL_Driver/Src/stm32f1xx_hal_cortex.o
 .text.HAL_NVIC_SetPriorityGrouping
                0x0000000008001850       0x16 Drivers/STM32F1xx_HAL_Driver/Src/stm32f1xx_hal_cortex.o
                0x0000000008001850                HAL_NVIC_SetPriorityGrouping
 .text.HAL_NVIC_SetPriority
                0x0000000008001866       0x38 Drivers/STM32F1xx_HAL_Driver/Src/stm32f1xx_hal_cortex.o
                0x0000000008001866                HAL_NVIC_SetPriority
 .text.HAL_NVIC_EnableIRQ
                0x000000000800189e       0x1c Drivers/STM32F1xx_HAL_Driver/Src/stm32f1xx_hal_cortex.o
                0x000000000800189e                HAL_NVIC_EnableIRQ
 .text.HAL_SYSTICK_Config
                0x00000000080018ba       0x18 Drivers/STM32F1xx_HAL_Driver/Src/stm32f1xx_hal_cortex.o
                0x00000000080018ba                HAL_SYSTICK_Config
 *fill*         0x00000000080018d2        0x2 
 .text.HAL_DMA_Init
                0x00000000080018d4       0xb4 Drivers/STM32F1xx_HAL_Driver/Src/stm32f1xx_hal_dma.o
                0x00000000080018d4                HAL_DMA_Init
 .text.HAL_DMA_Start_IT
                0x0000000008001988       0xbe Drivers/STM32F1xx_HAL_Driver/Src/stm32f1xx_hal_dma.o
                0x0000000008001988                HAL_DMA_Start_IT
 *fill*         0x0000000008001a46        0x2 
 .text.HAL_DMA_IRQHandler
                0x0000000008001a48      0x20c Drivers/STM32F1xx_HAL_Driver/Src/stm32f1xx_hal_dma.o
                0x0000000008001a48                HAL_DMA_IRQHandler
 .text.DMA_SetConfig
                0x0000000008001c54       0x5a Drivers/STM32F1xx_HAL_Driver/Src/stm32f1xx_hal_dma.o
 *fill*         0x0000000008001cae        0x2 
 .text.HAL_GPIO_Init
                0x0000000008001cb0      0x308 Drivers/STM32F1xx_HAL_Driver/Src/stm32f1xx_hal_gpio.o
                0x0000000008001cb0                HAL_GPIO_Init
 .text.HAL_GPIO_WritePin
                0x0000000008001fb8       0x30 Drivers/STM32F1xx_HAL_Driver/Src/stm32f1xx_hal_gpio.o
                0x0000000008001fb8                HAL_GPIO_WritePin
 .text.HAL_RCC_OscConfig
                0x0000000008001fe8      0x500 Drivers/STM32F1xx_HAL_Driver/Src/stm32f1xx_hal_rcc.o
                0x0000000008001fe8                HAL_RCC_OscConfig
 .text.HAL_RCC_ClockConfig
                0x00000000080024e8      0x1d4 Drivers/STM32F1xx_HAL_Driver/Src/stm32f1xx_hal_rcc.o
                0x00000000080024e8                HAL_RCC_ClockConfig
 .text.HAL_RCC_GetSysClockFreq
                0x00000000080026bc       0xc0 Drivers/STM32F1xx_HAL_Driver/Src/stm32f1xx_hal_rcc.o
                0x00000000080026bc                HAL_RCC_GetSysClockFreq
 .text.HAL_RCC_GetHCLKFreq
                0x000000000800277c       0x14 Drivers/STM32F1xx_HAL_Driver/Src/stm32f1xx_hal_rcc.o
                0x000000000800277c                HAL_RCC_GetHCLKFreq
 .text.HAL_RCC_GetPCLK1Freq
                0x0000000008002790       0x28 Drivers/STM32F1xx_HAL_Driver/Src/stm32f1xx_hal_rcc.o
                0x0000000008002790                HAL_RCC_GetPCLK1Freq
 .text.HAL_RCC_GetPCLK2Freq
                0x00000000080027b8       0x28 Drivers/STM32F1xx_HAL_Driver/Src/stm32f1xx_hal_rcc.o
                0x00000000080027b8                HAL_RCC_GetPCLK2Freq
 .text.RCC_Delay
                0x00000000080027e0       0x3c Drivers/STM32F1xx_HAL_Driver/Src/stm32f1xx_hal_rcc.o
 .text.HAL_RCCEx_PeriphCLKConfig
                0x000000000800281c      0x16c Drivers/STM32F1xx_HAL_Driver/Src/stm32f1xx_hal_rcc_ex.o
                0x000000000800281c                HAL_RCCEx_PeriphCLKConfig
 .text.HAL_TIM_PWM_Init
                0x0000000008002988       0x9e Drivers/STM32F1xx_HAL_Driver/Src/stm32f1xx_hal_tim.o
                0x0000000008002988                HAL_TIM_PWM_Init
 *fill*         0x0000000008002a26        0x2 
 .text.HAL_TIM_PWM_Start
                0x0000000008002a28      0x144 Drivers/STM32F1xx_HAL_Driver/Src/stm32f1xx_hal_tim.o
                0x0000000008002a28                HAL_TIM_PWM_Start
 .text.HAL_TIM_PWM_ConfigChannel
                0x0000000008002b6c      0x17c Drivers/STM32F1xx_HAL_Driver/Src/stm32f1xx_hal_tim.o
                0x0000000008002b6c                HAL_TIM_PWM_ConfigChannel
 .text.TIM_Base_SetConfig
                0x0000000008002ce8       0xc4 Drivers/STM32F1xx_HAL_Driver/Src/stm32f1xx_hal_tim.o
                0x0000000008002ce8                TIM_Base_SetConfig
 .text.TIM_OC1_SetConfig
                0x0000000008002dac       0xcc Drivers/STM32F1xx_HAL_Driver/Src/stm32f1xx_hal_tim.o
 .text.TIM_OC2_SetConfig
                0x0000000008002e78       0xd4 Drivers/STM32F1xx_HAL_Driver/Src/stm32f1xx_hal_tim.o
                0x0000000008002e78                TIM_OC2_SetConfig
 .text.TIM_OC3_SetConfig
                0x0000000008002f4c       0xd4 Drivers/STM32F1xx_HAL_Driver/Src/stm32f1xx_hal_tim.o
 .text.TIM_OC4_SetConfig
                0x0000000008003020       0x9c Drivers/STM32F1xx_HAL_Driver/Src/stm32f1xx_hal_tim.o
 .text.TIM_CCxChannelCmd
                0x00000000080030bc       0x48 Drivers/STM32F1xx_HAL_Driver/Src/stm32f1xx_hal_tim.o
                0x00000000080030bc                TIM_CCxChannelCmd
 .text.HAL_TIMEx_MasterConfigSynchronization
                0x0000000008003104       0xbc Drivers/STM32F1xx_HAL_Driver/Src/stm32f1xx_hal_tim_ex.o
                0x0000000008003104                HAL_TIMEx_MasterConfigSynchronization
 .text.HAL_UART_Init
                0x00000000080031c0       0x9a Drivers/STM32F1xx_HAL_Driver/Src/stm32f1xx_hal_uart.o
                0x00000000080031c0                HAL_UART_Init
 .text.HAL_UART_Receive_DMA
                0x000000000800325a       0x60 Drivers/STM32F1xx_HAL_Driver/Src/stm32f1xx_hal_uart.o
                0x000000000800325a                HAL_UART_Receive_DMA
 .text.HAL_UART_RxHalfCpltCallback
                0x00000000080032ba       0x12 Drivers/STM32F1xx_HAL_Driver/Src/stm32f1xx_hal_uart.o
                0x00000000080032ba                HAL_UART_RxHalfCpltCallback
 .text.HAL_UART_ErrorCallback
                0x00000000080032cc       0x12 Drivers/STM32F1xx_HAL_Driver/Src/stm32f1xx_hal_uart.o
                0x00000000080032cc                HAL_UART_ErrorCallback
 .text.HAL_UARTEx_RxEventCallback
                0x00000000080032de       0x16 Drivers/STM32F1xx_HAL_Driver/Src/stm32f1xx_hal_uart.o
                0x00000000080032de                HAL_UARTEx_RxEventCallback
 .text.UART_DMAReceiveCplt
                0x00000000080032f4       0x96 Drivers/STM32F1xx_HAL_Driver/Src/stm32f1xx_hal_uart.o
 .text.UART_DMARxHalfCplt
                0x000000000800338a       0x36 Drivers/STM32F1xx_HAL_Driver/Src/stm32f1xx_hal_uart.o
 .text.UART_DMAError
                0x00000000080033c0       0x94 Drivers/STM32F1xx_HAL_Driver/Src/stm32f1xx_hal_uart.o
 .text.UART_Start_Receive_DMA
                0x0000000008003454       0xc8 Drivers/STM32F1xx_HAL_Driver/Src/stm32f1xx_hal_uart.o
                0x0000000008003454                UART_Start_Receive_DMA
 .text.UART_EndTxTransfer
                0x000000000800351c       0x2a Drivers/STM32F1xx_HAL_Driver/Src/stm32f1xx_hal_uart.o
 .text.UART_EndRxTransfer
                0x0000000008003546       0x58 Drivers/STM32F1xx_HAL_Driver/Src/stm32f1xx_hal_uart.o
 *fill*         0x000000000800359e        0x2 
 .text.UART_SetConfig
                0x00000000080035a0      0x11c Drivers/STM32F1xx_HAL_Driver/Src/stm32f1xx_hal_uart.o
 .text.__libc_init_array
                0x00000000080036bc       0x48 /opt/st/stm32cubeide_1.6.1/plugins/com.st.stm32cube.ide.mcu.externaltools.gnu-tools-for-stm32.9-2020-q2-update.linux64_1.5.0.202011040924/tools/bin/../lib/gcc/arm-none-eabi/9.3.1/../../../../arm-none-eabi/lib/thumb/v7-m/nofp/libc_nano.a(lib_a-init.o)
                0x00000000080036bc                __libc_init_array
 .text.memset   0x0000000008003704       0x10 /opt/st/stm32cubeide_1.6.1/plugins/com.st.stm32cube.ide.mcu.externaltools.gnu-tools-for-stm32.9-2020-q2-update.linux64_1.5.0.202011040924/tools/bin/../lib/gcc/arm-none-eabi/9.3.1/../../../../arm-none-eabi/lib/thumb/v7-m/nofp/libc_nano.a(lib_a-memset.o)
                0x0000000008003704                memset
 *(.glue_7)
 .glue_7        0x0000000008003714        0x0 linker stubs
 *(.glue_7t)
 .glue_7t       0x0000000008003714        0x0 linker stubs
 *(.eh_frame)
 .eh_frame      0x0000000008003714        0x0 /opt/st/stm32cubeide_1.6.1/plugins/com.st.stm32cube.ide.mcu.externaltools.gnu-tools-for-stm32.9-2020-q2-update.linux64_1.5.0.202011040924/tools/bin/../lib/gcc/arm-none-eabi/9.3.1/thumb/v7-m/nofp/crtbegin.o
 *(.init)
 .init          0x0000000008003714        0x4 /opt/st/stm32cubeide_1.6.1/plugins/com.st.stm32cube.ide.mcu.externaltools.gnu-tools-for-stm32.9-2020-q2-update.linux64_1.5.0.202011040924/tools/bin/../lib/gcc/arm-none-eabi/9.3.1/thumb/v7-m/nofp/crti.o
                0x0000000008003714                _init
 .init          0x0000000008003718        0x8 /opt/st/stm32cubeide_1.6.1/plugins/com.st.stm32cube.ide.mcu.externaltools.gnu-tools-for-stm32.9-2020-q2-update.linux64_1.5.0.202011040924/tools/bin/../lib/gcc/arm-none-eabi/9.3.1/thumb/v7-m/nofp/crtn.o
 *(.fini)
 .fini          0x0000000008003720        0x4 /opt/st/stm32cubeide_1.6.1/plugins/com.st.stm32cube.ide.mcu.externaltools.gnu-tools-for-stm32.9-2020-q2-update.linux64_1.5.0.202011040924/tools/bin/../lib/gcc/arm-none-eabi/9.3.1/thumb/v7-m/nofp/crti.o
                0x0000000008003720                _fini
 .fini          0x0000000008003724        0x8 /opt/st/stm32cubeide_1.6.1/plugins/com.st.stm32cube.ide.mcu.externaltools.gnu-tools-for-stm32.9-2020-q2-update.linux64_1.5.0.202011040924/tools/bin/../lib/gcc/arm-none-eabi/9.3.1/thumb/v7-m/nofp/crtn.o
                0x000000000800372c                . = ALIGN (0x4)
                0x000000000800372c                _etext = .

.vfp11_veneer   0x000000000800372c        0x0
 .vfp11_veneer  0x000000000800372c        0x0 linker stubs

.v4_bx          0x000000000800372c        0x0
 .v4_bx         0x000000000800372c        0x0 linker stubs

.iplt           0x000000000800372c        0x0
 .iplt          0x000000000800372c        0x0 /opt/st/stm32cubeide_1.6.1/plugins/com.st.stm32cube.ide.mcu.externaltools.gnu-tools-for-stm32.9-2020-q2-update.linux64_1.5.0.202011040924/tools/bin/../lib/gcc/arm-none-eabi/9.3.1/thumb/v7-m/nofp/crtbegin.o

.rodata         0x000000000800372c       0x28
                0x000000000800372c                . = ALIGN (0x4)
 *(.rodata)
 .rodata        0x000000000800372c       0x10 Drivers/STM32F1xx_HAL_Driver/Src/stm32f1xx_hal_rcc.o
 *(.rodata*)
 .rodata.AHBPrescTable
                0x000000000800373c       0x10 Core/Src/system_stm32f1xx.o
                0x000000000800373c                AHBPrescTable
 .rodata.APBPrescTable
                0x000000000800374c        0x8 Core/Src/system_stm32f1xx.o
                0x000000000800374c                APBPrescTable
                0x0000000008003754                . = ALIGN (0x4)

.rel.dyn        0x0000000008003754        0x0
 .rel.iplt      0x0000000008003754        0x0 /opt/st/stm32cubeide_1.6.1/plugins/com.st.stm32cube.ide.mcu.externaltools.gnu-tools-for-stm32.9-2020-q2-update.linux64_1.5.0.202011040924/tools/bin/../lib/gcc/arm-none-eabi/9.3.1/thumb/v7-m/nofp/crtbegin.o

.ARM.extab      0x0000000008003754        0x0
                0x0000000008003754                . = ALIGN (0x4)
 *(.ARM.extab* .gnu.linkonce.armextab.*)
                0x0000000008003754                . = ALIGN (0x4)

.ARM            0x0000000008003754        0x0
                0x0000000008003754                . = ALIGN (0x4)
                0x0000000008003754                __exidx_start = .
 *(.ARM.exidx*)
                0x0000000008003754                __exidx_end = .
                0x0000000008003754                . = ALIGN (0x4)

.preinit_array  0x0000000008003754        0x0
                0x0000000008003754                . = ALIGN (0x4)
                0x0000000008003754                PROVIDE (__preinit_array_start = .)
 *(.preinit_array*)
                0x0000000008003754                PROVIDE (__preinit_array_end = .)
                0x0000000008003754                . = ALIGN (0x4)

.init_array     0x0000000008003754        0x4
                0x0000000008003754                . = ALIGN (0x4)
                0x0000000008003754                PROVIDE (__init_array_start = .)
 *(SORT_BY_NAME(.init_array.*))
 *(.init_array*)
 .init_array    0x0000000008003754        0x4 /opt/st/stm32cubeide_1.6.1/plugins/com.st.stm32cube.ide.mcu.externaltools.gnu-tools-for-stm32.9-2020-q2-update.linux64_1.5.0.202011040924/tools/bin/../lib/gcc/arm-none-eabi/9.3.1/thumb/v7-m/nofp/crtbegin.o
                0x0000000008003758                PROVIDE (__init_array_end = .)
                0x0000000008003758                . = ALIGN (0x4)

.fini_array     0x0000000008003758        0x4
                0x0000000008003758                . = ALIGN (0x4)
                [!provide]                        PROVIDE (__fini_array_start = .)
 *(SORT_BY_NAME(.fini_array.*))
 *(.fini_array*)
 .fini_array    0x0000000008003758        0x4 /opt/st/stm32cubeide_1.6.1/plugins/com.st.stm32cube.ide.mcu.externaltools.gnu-tools-for-stm32.9-2020-q2-update.linux64_1.5.0.202011040924/tools/bin/../lib/gcc/arm-none-eabi/9.3.1/thumb/v7-m/nofp/crtbegin.o
                [!provide]                        PROVIDE (__fini_array_end = .)
                0x000000000800375c                . = ALIGN (0x4)
                0x000000000800375c                _sidata = LOADADDR (.data)

.data           0x0000000020000000        0xc load address 0x000000000800375c
                0x0000000020000000                . = ALIGN (0x4)
                0x0000000020000000                _sdata = .
 *(.data)
 *(.data*)
 .data.SystemCoreClock
                0x0000000020000000        0x4 Core/Src/system_stm32f1xx.o
                0x0000000020000000                SystemCoreClock
 .data.uwTickPrio
                0x0000000020000004        0x4 Drivers/STM32F1xx_HAL_Driver/Src/stm32f1xx_hal.o
                0x0000000020000004                uwTickPrio
 .data.uwTickFreq
                0x0000000020000008        0x1 Drivers/STM32F1xx_HAL_Driver/Src/stm32f1xx_hal.o
                0x0000000020000008                uwTickFreq
 *(.RamFunc)
 *(.RamFunc*)
                0x000000002000000c                . = ALIGN (0x4)
 *fill*         0x0000000020000009        0x3 
                0x000000002000000c                _edata = .

.igot.plt       0x000000002000000c        0x0 load address 0x0000000008003768
 .igot.plt      0x000000002000000c        0x0 /opt/st/stm32cubeide_1.6.1/plugins/com.st.stm32cube.ide.mcu.externaltools.gnu-tools-for-stm32.9-2020-q2-update.linux64_1.5.0.202011040924/tools/bin/../lib/gcc/arm-none-eabi/9.3.1/thumb/v7-m/nofp/crtbegin.o
                0x000000002000000c                . = ALIGN (0x4)

.bss            0x000000002000000c      0x1d4 load address 0x0000000008003768
                0x000000002000000c                _sbss = .
                0x000000002000000c                __bss_start__ = _sbss
 *(.bss)
 .bss           0x000000002000000c       0x1c /opt/st/stm32cubeide_1.6.1/plugins/com.st.stm32cube.ide.mcu.externaltools.gnu-tools-for-stm32.9-2020-q2-update.linux64_1.5.0.202011040924/tools/bin/../lib/gcc/arm-none-eabi/9.3.1/thumb/v7-m/nofp/crtbegin.o
 *(.bss*)
 *(COMMON)
 COMMON         0x0000000020000028      0x1b1 Core/Src/isolacaobaixa.o
                0x0000000020000028                mailbox
                0x000000002000002c                UARTRxData
                0x0000000020000054                hcan
                0x000000002000007c                hdma_usart1_tx
                0x00000000200000c0                hadc1
                0x00000000200000f0                hdma_usart1_rx
                0x0000000020000134                huart1
                0x0000000020000178                htim2
                0x00000000200001c0                TxHeader
                0x00000000200001d8                mux
 *fill*         0x00000000200001d9        0x3 
 COMMON         0x00000000200001dc        0x4 Drivers/STM32F1xx_HAL_Driver/Src/stm32f1xx_hal.o
                0x00000000200001dc                uwTick
                0x00000000200001e0                . = ALIGN (0x4)
                0x00000000200001e0                _ebss = .
                0x00000000200001e0                __bss_end__ = _ebss

._user_heap_stack
                0x00000000200001e0      0x600 load address 0x0000000008003768
                0x00000000200001e0                . = ALIGN (0x8)
                [!provide]                        PROVIDE (end = .)
                0x00000000200001e0                PROVIDE (_end = .)
                0x00000000200003e0                . = (. + _Min_Heap_Size)
 *fill*         0x00000000200001e0      0x200 
                0x00000000200007e0                . = (. + _Min_Stack_Size)
 *fill*         0x00000000200003e0      0x400 
                0x00000000200007e0                . = ALIGN (0x8)

/DISCARD/
 libc.a(*)
 libm.a(*)
 libgcc.a(*)

.ARM.attributes
                0x0000000000000000       0x29
 *(.ARM.attributes)
 .ARM.attributes
                0x0000000000000000       0x1d /opt/st/stm32cubeide_1.6.1/plugins/com.st.stm32cube.ide.mcu.externaltools.gnu-tools-for-stm32.9-2020-q2-update.linux64_1.5.0.202011040924/tools/bin/../lib/gcc/arm-none-eabi/9.3.1/thumb/v7-m/nofp/crti.o
 .ARM.attributes
                0x000000000000001d       0x2d /opt/st/stm32cubeide_1.6.1/plugins/com.st.stm32cube.ide.mcu.externaltools.gnu-tools-for-stm32.9-2020-q2-update.linux64_1.5.0.202011040924/tools/bin/../lib/gcc/arm-none-eabi/9.3.1/thumb/v7-m/nofp/crtbegin.o
 .ARM.attributes
                0x000000000000004a       0x2d Core/Src/isolacaobaixa.o
 .ARM.attributes
                0x0000000000000077       0x2d Core/Src/main.o
 .ARM.attributes
                0x00000000000000a4       0x2d Core/Src/stm32f1xx_hal_msp.o
 .ARM.attributes
                0x00000000000000d1       0x2d Core/Src/stm32f1xx_it.o
 .ARM.attributes
                0x00000000000000fe       0x2d Core/Src/system_stm32f1xx.o
 .ARM.attributes
                0x000000000000012b       0x21 Core/Startup/startup_stm32f103c8tx.o
 .ARM.attributes
                0x000000000000014c       0x2d Drivers/STM32F1xx_HAL_Driver/Src/stm32f1xx_hal.o
 .ARM.attributes
                0x0000000000000179       0x2d Drivers/STM32F1xx_HAL_Driver/Src/stm32f1xx_hal_adc.o
 .ARM.attributes
                0x00000000000001a6       0x2d Drivers/STM32F1xx_HAL_Driver/Src/stm32f1xx_hal_can.o
 .ARM.attributes
                0x00000000000001d3       0x2d Drivers/STM32F1xx_HAL_Driver/Src/stm32f1xx_hal_cortex.o
 .ARM.attributes
                0x0000000000000200       0x2d Drivers/STM32F1xx_HAL_Driver/Src/stm32f1xx_hal_dma.o
 .ARM.attributes
                0x000000000000022d       0x2d Drivers/STM32F1xx_HAL_Driver/Src/stm32f1xx_hal_gpio.o
 .ARM.attributes
                0x000000000000025a       0x2d Drivers/STM32F1xx_HAL_Driver/Src/stm32f1xx_hal_rcc.o
 .ARM.attributes
                0x0000000000000287       0x2d Drivers/STM32F1xx_HAL_Driver/Src/stm32f1xx_hal_rcc_ex.o
 .ARM.attributes
                0x00000000000002b4       0x2d Drivers/STM32F1xx_HAL_Driver/Src/stm32f1xx_hal_tim.o
 .ARM.attributes
                0x00000000000002e1       0x2d Drivers/STM32F1xx_HAL_Driver/Src/stm32f1xx_hal_tim_ex.o
 .ARM.attributes
                0x000000000000030e       0x2d Drivers/STM32F1xx_HAL_Driver/Src/stm32f1xx_hal_uart.o
 .ARM.attributes
                0x000000000000033b       0x2d /opt/st/stm32cubeide_1.6.1/plugins/com.st.stm32cube.ide.mcu.externaltools.gnu-tools-for-stm32.9-2020-q2-update.linux64_1.5.0.202011040924/tools/bin/../lib/gcc/arm-none-eabi/9.3.1/../../../../arm-none-eabi/lib/thumb/v7-m/nofp/libc_nano.a(lib_a-init.o)
 .ARM.attributes
                0x0000000000000368       0x2d /opt/st/stm32cubeide_1.6.1/plugins/com.st.stm32cube.ide.mcu.externaltools.gnu-tools-for-stm32.9-2020-q2-update.linux64_1.5.0.202011040924/tools/bin/../lib/gcc/arm-none-eabi/9.3.1/../../../../arm-none-eabi/lib/thumb/v7-m/nofp/libc_nano.a(lib_a-memset.o)
 .ARM.attributes
                0x0000000000000395       0x1d /opt/st/stm32cubeide_1.6.1/plugins/com.st.stm32cube.ide.mcu.externaltools.gnu-tools-for-stm32.9-2020-q2-update.linux64_1.5.0.202011040924/tools/bin/../lib/gcc/arm-none-eabi/9.3.1/thumb/v7-m/nofp/crtn.o
OUTPUT(isolacaoBaixa.elf elf32-littlearm)
LOAD linker stubs
LOAD /opt/st/stm32cubeide_1.6.1/plugins/com.st.stm32cube.ide.mcu.externaltools.gnu-tools-for-stm32.9-2020-q2-update.linux64_1.5.0.202011040924/tools/bin/../lib/gcc/arm-none-eabi/9.3.1/../../../../arm-none-eabi/lib/thumb/v7-m/nofp/libc.a
LOAD /opt/st/stm32cubeide_1.6.1/plugins/com.st.stm32cube.ide.mcu.externaltools.gnu-tools-for-stm32.9-2020-q2-update.linux64_1.5.0.202011040924/tools/bin/../lib/gcc/arm-none-eabi/9.3.1/../../../../arm-none-eabi/lib/thumb/v7-m/nofp/libm.a
LOAD /opt/st/stm32cubeide_1.6.1/plugins/com.st.stm32cube.ide.mcu.externaltools.gnu-tools-for-stm32.9-2020-q2-update.linux64_1.5.0.202011040924/tools/bin/../lib/gcc/arm-none-eabi/9.3.1/thumb/v7-m/nofp/libgcc.a

.debug_info     0x0000000000000000     0xf44c
 .debug_info    0x0000000000000000     0x11dc Core/Src/isolacaobaixa.o
 .debug_info    0x00000000000011dc     0x1723 Core/Src/main.o
 .debug_info    0x00000000000028ff     0x1521 Core/Src/stm32f1xx_hal_msp.o
 .debug_info    0x0000000000003e20     0x10f9 Core/Src/stm32f1xx_it.o
 .debug_info    0x0000000000004f19      0x2be Core/Src/system_stm32f1xx.o
 .debug_info    0x00000000000051d7       0x22 Core/Startup/startup_stm32f103c8tx.o
 .debug_info    0x00000000000051f9      0x76a Drivers/STM32F1xx_HAL_Driver/Src/stm32f1xx_hal.o
 .debug_info    0x0000000000005963      0xd2d Drivers/STM32F1xx_HAL_Driver/Src/stm32f1xx_hal_adc.o
 .debug_info    0x0000000000006690     0x107f Drivers/STM32F1xx_HAL_Driver/Src/stm32f1xx_hal_can.o
 .debug_info    0x000000000000770f      0xbdc Drivers/STM32F1xx_HAL_Driver/Src/stm32f1xx_hal_cortex.o
 .debug_info    0x00000000000082eb      0x81e Drivers/STM32F1xx_HAL_Driver/Src/stm32f1xx_hal_dma.o
 .debug_info    0x0000000000008b09      0x701 Drivers/STM32F1xx_HAL_Driver/Src/stm32f1xx_hal_gpio.o
 .debug_info    0x000000000000920a      0x88e Drivers/STM32F1xx_HAL_Driver/Src/stm32f1xx_hal_rcc.o
 .debug_info    0x0000000000009a98      0x480 Drivers/STM32F1xx_HAL_Driver/Src/stm32f1xx_hal_rcc_ex.o
 .debug_info    0x0000000000009f18     0x2a45 Drivers/STM32F1xx_HAL_Driver/Src/stm32f1xx_hal_tim.o
 .debug_info    0x000000000000c95d     0x14d5 Drivers/STM32F1xx_HAL_Driver/Src/stm32f1xx_hal_tim_ex.o
 .debug_info    0x000000000000de32     0x161a Drivers/STM32F1xx_HAL_Driver/Src/stm32f1xx_hal_uart.o

.debug_abbrev   0x0000000000000000     0x23ab
 .debug_abbrev  0x0000000000000000      0x256 Core/Src/isolacaobaixa.o
 .debug_abbrev  0x0000000000000256      0x2d4 Core/Src/main.o
 .debug_abbrev  0x000000000000052a      0x29d Core/Src/stm32f1xx_hal_msp.o
 .debug_abbrev  0x00000000000007c7      0x1ef Core/Src/stm32f1xx_it.o
 .debug_abbrev  0x00000000000009b6      0x14e Core/Src/system_stm32f1xx.o
 .debug_abbrev  0x0000000000000b04       0x12 Core/Startup/startup_stm32f103c8tx.o
 .debug_abbrev  0x0000000000000b16      0x1ed Drivers/STM32F1xx_HAL_Driver/Src/stm32f1xx_hal.o
 .debug_abbrev  0x0000000000000d03      0x1fb Drivers/STM32F1xx_HAL_Driver/Src/stm32f1xx_hal_adc.o
 .debug_abbrev  0x0000000000000efe      0x235 Drivers/STM32F1xx_HAL_Driver/Src/stm32f1xx_hal_can.o
 .debug_abbrev  0x0000000000001133      0x313 Drivers/STM32F1xx_HAL_Driver/Src/stm32f1xx_hal_cortex.o
 .debug_abbrev  0x0000000000001446      0x228 Drivers/STM32F1xx_HAL_Driver/Src/stm32f1xx_hal_dma.o
 .debug_abbrev  0x000000000000166e      0x1e8 Drivers/STM32F1xx_HAL_Driver/Src/stm32f1xx_hal_gpio.o
 .debug_abbrev  0x0000000000001856      0x273 Drivers/STM32F1xx_HAL_Driver/Src/stm32f1xx_hal_rcc.o
 .debug_abbrev  0x0000000000001ac9      0x193 Drivers/STM32F1xx_HAL_Driver/Src/stm32f1xx_hal_rcc_ex.o
 .debug_abbrev  0x0000000000001c5c      0x25e Drivers/STM32F1xx_HAL_Driver/Src/stm32f1xx_hal_tim.o
 .debug_abbrev  0x0000000000001eba      0x266 Drivers/STM32F1xx_HAL_Driver/Src/stm32f1xx_hal_tim_ex.o
 .debug_abbrev  0x0000000000002120      0x28b Drivers/STM32F1xx_HAL_Driver/Src/stm32f1xx_hal_uart.o

.debug_aranges  0x0000000000000000      0xe98
 .debug_aranges
                0x0000000000000000       0x38 Core/Src/isolacaobaixa.o
 .debug_aranges
                0x0000000000000038       0x60 Core/Src/main.o
 .debug_aranges
                0x0000000000000098       0x68 Core/Src/stm32f1xx_hal_msp.o
 .debug_aranges
                0x0000000000000100       0x70 Core/Src/stm32f1xx_it.o
 .debug_aranges
                0x0000000000000170       0x28 Core/Src/system_stm32f1xx.o
 .debug_aranges
                0x0000000000000198       0x28 Core/Startup/startup_stm32f103c8tx.o
 .debug_aranges
                0x00000000000001c0       0xe0 Drivers/STM32F1xx_HAL_Driver/Src/stm32f1xx_hal.o
 .debug_aranges
                0x00000000000002a0       0xf0 Drivers/STM32F1xx_HAL_Driver/Src/stm32f1xx_hal_adc.o
 .debug_aranges
                0x0000000000000390      0x138 Drivers/STM32F1xx_HAL_Driver/Src/stm32f1xx_hal_can.o
 .debug_aranges
                0x00000000000004c8      0x100 Drivers/STM32F1xx_HAL_Driver/Src/stm32f1xx_hal_cortex.o
 .debug_aranges
                0x00000000000005c8       0x80 Drivers/STM32F1xx_HAL_Driver/Src/stm32f1xx_hal_dma.o
 .debug_aranges
                0x0000000000000648       0x58 Drivers/STM32F1xx_HAL_Driver/Src/stm32f1xx_hal_gpio.o
 .debug_aranges
                0x00000000000006a0       0x90 Drivers/STM32F1xx_HAL_Driver/Src/stm32f1xx_hal_rcc.o
 .debug_aranges
                0x0000000000000730       0x30 Drivers/STM32F1xx_HAL_Driver/Src/stm32f1xx_hal_rcc_ex.o
 .debug_aranges
                0x0000000000000760      0x3d0 Drivers/STM32F1xx_HAL_Driver/Src/stm32f1xx_hal_tim.o
 .debug_aranges
                0x0000000000000b30      0x168 Drivers/STM32F1xx_HAL_Driver/Src/stm32f1xx_hal_tim_ex.o
 .debug_aranges
                0x0000000000000c98      0x200 Drivers/STM32F1xx_HAL_Driver/Src/stm32f1xx_hal_uart.o

.debug_ranges   0x0000000000000000      0xdc0
 .debug_ranges  0x0000000000000000       0x28 Core/Src/isolacaobaixa.o
 .debug_ranges  0x0000000000000028       0x50 Core/Src/main.o
 .debug_ranges  0x0000000000000078       0x58 Core/Src/stm32f1xx_hal_msp.o
 .debug_ranges  0x00000000000000d0       0x60 Core/Src/stm32f1xx_it.o
 .debug_ranges  0x0000000000000130       0x18 Core/Src/system_stm32f1xx.o
 .debug_ranges  0x0000000000000148       0x20 Core/Startup/startup_stm32f103c8tx.o
 .debug_ranges  0x0000000000000168       0xd0 Drivers/STM32F1xx_HAL_Driver/Src/stm32f1xx_hal.o
 .debug_ranges  0x0000000000000238       0xe0 Drivers/STM32F1xx_HAL_Driver/Src/stm32f1xx_hal_adc.o
 .debug_ranges  0x0000000000000318      0x128 Drivers/STM32F1xx_HAL_Driver/Src/stm32f1xx_hal_can.o
 .debug_ranges  0x0000000000000440       0xf0 Drivers/STM32F1xx_HAL_Driver/Src/stm32f1xx_hal_cortex.o
 .debug_ranges  0x0000000000000530       0x70 Drivers/STM32F1xx_HAL_Driver/Src/stm32f1xx_hal_dma.o
 .debug_ranges  0x00000000000005a0       0x48 Drivers/STM32F1xx_HAL_Driver/Src/stm32f1xx_hal_gpio.o
 .debug_ranges  0x00000000000005e8       0x80 Drivers/STM32F1xx_HAL_Driver/Src/stm32f1xx_hal_rcc.o
 .debug_ranges  0x0000000000000668       0x20 Drivers/STM32F1xx_HAL_Driver/Src/stm32f1xx_hal_rcc_ex.o
 .debug_ranges  0x0000000000000688      0x3c0 Drivers/STM32F1xx_HAL_Driver/Src/stm32f1xx_hal_tim.o
 .debug_ranges  0x0000000000000a48      0x158 Drivers/STM32F1xx_HAL_Driver/Src/stm32f1xx_hal_tim_ex.o
 .debug_ranges  0x0000000000000ba0      0x220 Drivers/STM32F1xx_HAL_Driver/Src/stm32f1xx_hal_uart.o

.debug_macro    0x0000000000000000    0x17eb7
 .debug_macro   0x0000000000000000      0x1ca Core/Src/isolacaobaixa.o
 .debug_macro   0x00000000000001ca      0xa9c Core/Src/isolacaobaixa.o
 .debug_macro   0x0000000000000c66       0x10 Core/Src/isolacaobaixa.o
 .debug_macro   0x0000000000000c76      0x22d Core/Src/isolacaobaixa.o
 .debug_macro   0x0000000000000ea3       0x2e Core/Src/isolacaobaixa.o
 .debug_macro   0x0000000000000ed1       0x22 Core/Src/isolacaobaixa.o
 .debug_macro   0x0000000000000ef3       0x22 Core/Src/isolacaobaixa.o
 .debug_macro   0x0000000000000f15       0x8e Core/Src/isolacaobaixa.o
 .debug_macro   0x0000000000000fa3       0x51 Core/Src/isolacaobaixa.o
 .debug_macro   0x0000000000000ff4      0x103 Core/Src/isolacaobaixa.o
 .debug_macro   0x00000000000010f7       0x6a Core/Src/isolacaobaixa.o
 .debug_macro   0x0000000000001161      0x1df Core/Src/isolacaobaixa.o
 .debug_macro   0x0000000000001340       0x1c Core/Src/isolacaobaixa.o
 .debug_macro   0x000000000000135c       0x22 Core/Src/isolacaobaixa.o
 .debug_macro   0x000000000000137e       0xc3 Core/Src/isolacaobaixa.o
 .debug_macro   0x0000000000001441      0xd23 Core/Src/isolacaobaixa.o
 .debug_macro   0x0000000000002164     0xe09e Core/Src/isolacaobaixa.o
 .debug_macro   0x0000000000010202       0x6d Core/Src/isolacaobaixa.o
 .debug_macro   0x000000000001026f     0x3468 Core/Src/isolacaobaixa.o
 .debug_macro   0x00000000000136d7      0x174 Core/Src/isolacaobaixa.o
 .debug_macro   0x000000000001384b       0x5c Core/Src/isolacaobaixa.o
 .debug_macro   0x00000000000138a7      0x5be Core/Src/isolacaobaixa.o
 .debug_macro   0x0000000000013e65      0x289 Core/Src/isolacaobaixa.o
 .debug_macro   0x00000000000140ee      0x1cb Core/Src/isolacaobaixa.o
 .debug_macro   0x00000000000142b9      0x114 Core/Src/isolacaobaixa.o
 .debug_macro   0x00000000000143cd      0x1b2 Core/Src/isolacaobaixa.o
 .debug_macro   0x000000000001457f       0x27 Core/Src/isolacaobaixa.o
 .debug_macro   0x00000000000145a6      0x136 Core/Src/isolacaobaixa.o
 .debug_macro   0x00000000000146dc      0x1bc Core/Src/isolacaobaixa.o
 .debug_macro   0x0000000000014898       0x34 Core/Src/isolacaobaixa.o
 .debug_macro   0x00000000000148cc       0x3c Core/Src/isolacaobaixa.o
 .debug_macro   0x0000000000014908      0x408 Core/Src/isolacaobaixa.o
 .debug_macro   0x0000000000014d10       0x57 Core/Src/isolacaobaixa.o
 .debug_macro   0x0000000000014d67      0x46a Core/Src/isolacaobaixa.o
 .debug_macro   0x00000000000151d1      0x1b5 Core/Src/isolacaobaixa.o
 .debug_macro   0x0000000000015386       0x88 Core/Src/isolacaobaixa.o
 .debug_macro   0x000000000001540e      0x241 Core/Src/isolacaobaixa.o
 .debug_macro   0x000000000001564f      0x141 Core/Src/isolacaobaixa.o
 .debug_macro   0x0000000000015790      0x8d1 Core/Src/isolacaobaixa.o
 .debug_macro   0x0000000000016061      0x279 Core/Src/isolacaobaixa.o
 .debug_macro   0x00000000000162da       0x83 Core/Src/isolacaobaixa.o
 .debug_macro   0x000000000001635d      0x1d4 Core/Src/main.o
 .debug_macro   0x0000000000016531      0x1d4 Core/Src/stm32f1xx_hal_msp.o
 .debug_macro   0x0000000000016705      0x1de Core/Src/stm32f1xx_it.o
 .debug_macro   0x00000000000168e3      0x1c1 Core/Src/system_stm32f1xx.o
 .debug_macro   0x0000000000016aa4      0x1e5 Drivers/STM32F1xx_HAL_Driver/Src/stm32f1xx_hal.o
 .debug_macro   0x0000000000016c89      0x1de Drivers/STM32F1xx_HAL_Driver/Src/stm32f1xx_hal_adc.o
 .debug_macro   0x0000000000016e67      0x1c9 Drivers/STM32F1xx_HAL_Driver/Src/stm32f1xx_hal_can.o
 .debug_macro   0x0000000000017030      0x1c1 Drivers/STM32F1xx_HAL_Driver/Src/stm32f1xx_hal_cortex.o
 .debug_macro   0x00000000000171f1      0x1c1 Drivers/STM32F1xx_HAL_Driver/Src/stm32f1xx_hal_dma.o
 .debug_macro   0x00000000000173b2      0x22c Drivers/STM32F1xx_HAL_Driver/Src/stm32f1xx_hal_gpio.o
 .debug_macro   0x00000000000175de      0x1d3 Drivers/STM32F1xx_HAL_Driver/Src/stm32f1xx_hal_rcc.o
 .debug_macro   0x00000000000177b1      0x1c1 Drivers/STM32F1xx_HAL_Driver/Src/stm32f1xx_hal_rcc_ex.o
 .debug_macro   0x0000000000017972      0x1c2 Drivers/STM32F1xx_HAL_Driver/Src/stm32f1xx_hal_tim.o
 .debug_macro   0x0000000000017b34      0x1c1 Drivers/STM32F1xx_HAL_Driver/Src/stm32f1xx_hal_tim_ex.o
 .debug_macro   0x0000000000017cf5      0x1c2 Drivers/STM32F1xx_HAL_Driver/Src/stm32f1xx_hal_uart.o

.debug_line     0x0000000000000000     0xf0a6
 .debug_line    0x0000000000000000      0x814 Core/Src/isolacaobaixa.o
 .debug_line    0x0000000000000814      0x8c3 Core/Src/main.o
 .debug_line    0x00000000000010d7      0x84a Core/Src/stm32f1xx_hal_msp.o
 .debug_line    0x0000000000001921      0x7a6 Core/Src/stm32f1xx_it.o
 .debug_line    0x00000000000020c7      0x71f Core/Src/system_stm32f1xx.o
 .debug_line    0x00000000000027e6       0x87 Core/Startup/startup_stm32f103c8tx.o
 .debug_line    0x000000000000286d      0x94c Drivers/STM32F1xx_HAL_Driver/Src/stm32f1xx_hal.o
 .debug_line    0x00000000000031b9      0xfc3 Drivers/STM32F1xx_HAL_Driver/Src/stm32f1xx_hal_adc.o
 .debug_line    0x000000000000417c     0x10ed Drivers/STM32F1xx_HAL_Driver/Src/stm32f1xx_hal_can.o
 .debug_line    0x0000000000005269      0xb34 Drivers/STM32F1xx_HAL_Driver/Src/stm32f1xx_hal_cortex.o
 .debug_line    0x0000000000005d9d      0xda4 Drivers/STM32F1xx_HAL_Driver/Src/stm32f1xx_hal_dma.o
 .debug_line    0x0000000000006b41      0x9e3 Drivers/STM32F1xx_HAL_Driver/Src/stm32f1xx_hal_gpio.o
 .debug_line    0x0000000000007524      0xd5a Drivers/STM32F1xx_HAL_Driver/Src/stm32f1xx_hal_rcc.o
 .debug_line    0x000000000000827e      0x898 Drivers/STM32F1xx_HAL_Driver/Src/stm32f1xx_hal_rcc_ex.o
 .debug_line    0x0000000000008b16     0x32f5 Drivers/STM32F1xx_HAL_Driver/Src/stm32f1xx_hal_tim.o
 .debug_line    0x000000000000be0b     0x1874 Drivers/STM32F1xx_HAL_Driver/Src/stm32f1xx_hal_tim_ex.o
 .debug_line    0x000000000000d67f     0x1a27 Drivers/STM32F1xx_HAL_Driver/Src/stm32f1xx_hal_uart.o

.debug_str      0x0000000000000000    0x8de4b
 .debug_str     0x0000000000000000    0x8a6db Core/Src/isolacaobaixa.o
                                      0x8ab2a (size before relaxing)
 .debug_str     0x000000000008a6db      0x635 Core/Src/main.o
                                      0x8b0b3 (size before relaxing)
 .debug_str     0x000000000008ad10      0x109 Core/Src/stm32f1xx_hal_msp.o
                                      0x8abd5 (size before relaxing)
 .debug_str     0x000000000008ae19       0xef Core/Src/stm32f1xx_it.o
                                      0x8ab06 (size before relaxing)
 .debug_str     0x000000000008af08       0x52 Core/Src/system_stm32f1xx.o
                                      0x89fe0 (size before relaxing)
 .debug_str     0x000000000008af5a       0x36 Core/Startup/startup_stm32f103c8tx.o
                                         0x72 (size before relaxing)
 .debug_str     0x000000000008af90      0x304 Drivers/STM32F1xx_HAL_Driver/Src/stm32f1xx_hal.o
                                      0x8a671 (size before relaxing)
 .debug_str     0x000000000008b294      0x357 Drivers/STM32F1xx_HAL_Driver/Src/stm32f1xx_hal_adc.o
                                      0x8a670 (size before relaxing)
 .debug_str     0x000000000008b5eb      0x49c Drivers/STM32F1xx_HAL_Driver/Src/stm32f1xx_hal_can.o
                                      0x8a800 (size before relaxing)
 .debug_str     0x000000000008ba87      0x2d8 Drivers/STM32F1xx_HAL_Driver/Src/stm32f1xx_hal_cortex.o
                                      0x8a679 (size before relaxing)
 .debug_str     0x000000000008bd5f      0x235 Drivers/STM32F1xx_HAL_Driver/Src/stm32f1xx_hal_dma.o
                                      0x8a3bb (size before relaxing)
 .debug_str     0x000000000008bf94      0x31f Drivers/STM32F1xx_HAL_Driver/Src/stm32f1xx_hal_gpio.o
                                      0x8a3a4 (size before relaxing)
 .debug_str     0x000000000008c2b3      0x24f Drivers/STM32F1xx_HAL_Driver/Src/stm32f1xx_hal_rcc.o
                                      0x8a3dd (size before relaxing)
 .debug_str     0x000000000008c502       0xb9 Drivers/STM32F1xx_HAL_Driver/Src/stm32f1xx_hal_rcc_ex.o
                                      0x8a16a (size before relaxing)
 .debug_str     0x000000000008c5bb      0xdcd Drivers/STM32F1xx_HAL_Driver/Src/stm32f1xx_hal_tim.o
                                      0x8b3af (size before relaxing)
 .debug_str     0x000000000008d388      0x4ee Drivers/STM32F1xx_HAL_Driver/Src/stm32f1xx_hal_tim_ex.o
                                      0x8ab60 (size before relaxing)
 .debug_str     0x000000000008d876      0x5d5 Drivers/STM32F1xx_HAL_Driver/Src/stm32f1xx_hal_uart.o
                                      0x8a9cf (size before relaxing)

.comment        0x0000000000000000       0x53
 .comment       0x0000000000000000       0x53 Core/Src/isolacaobaixa.o
                                         0x54 (size before relaxing)
 .comment       0x0000000000000053       0x54 Core/Src/main.o
 .comment       0x0000000000000053       0x54 Core/Src/stm32f1xx_hal_msp.o
 .comment       0x0000000000000053       0x54 Core/Src/stm32f1xx_it.o
 .comment       0x0000000000000053       0x54 Core/Src/system_stm32f1xx.o
 .comment       0x0000000000000053       0x54 Drivers/STM32F1xx_HAL_Driver/Src/stm32f1xx_hal.o
 .comment       0x0000000000000053       0x54 Drivers/STM32F1xx_HAL_Driver/Src/stm32f1xx_hal_adc.o
 .comment       0x0000000000000053       0x54 Drivers/STM32F1xx_HAL_Driver/Src/stm32f1xx_hal_can.o
 .comment       0x0000000000000053       0x54 Drivers/STM32F1xx_HAL_Driver/Src/stm32f1xx_hal_cortex.o
 .comment       0x0000000000000053       0x54 Drivers/STM32F1xx_HAL_Driver/Src/stm32f1xx_hal_dma.o
 .comment       0x0000000000000053       0x54 Drivers/STM32F1xx_HAL_Driver/Src/stm32f1xx_hal_gpio.o
 .comment       0x0000000000000053       0x54 Drivers/STM32F1xx_HAL_Driver/Src/stm32f1xx_hal_rcc.o
 .comment       0x0000000000000053       0x54 Drivers/STM32F1xx_HAL_Driver/Src/stm32f1xx_hal_rcc_ex.o
 .comment       0x0000000000000053       0x54 Drivers/STM32F1xx_HAL_Driver/Src/stm32f1xx_hal_tim.o
 .comment       0x0000000000000053       0x54 Drivers/STM32F1xx_HAL_Driver/Src/stm32f1xx_hal_tim_ex.o
 .comment       0x0000000000000053       0x54 Drivers/STM32F1xx_HAL_Driver/Src/stm32f1xx_hal_uart.o

.debug_frame    0x0000000000000000     0x3d2c
 .debug_frame   0x0000000000000000       0x98 Core/Src/isolacaobaixa.o
 .debug_frame   0x0000000000000098      0x130 Core/Src/main.o
 .debug_frame   0x00000000000001c8      0x184 Core/Src/stm32f1xx_hal_msp.o
 .debug_frame   0x000000000000034c      0x13c Core/Src/stm32f1xx_it.o
 .debug_frame   0x0000000000000488       0x58 Core/Src/system_stm32f1xx.o
 .debug_frame   0x00000000000004e0      0x334 Drivers/STM32F1xx_HAL_Driver/Src/stm32f1xx_hal.o
 .debug_frame   0x0000000000000814      0x40c Drivers/STM32F1xx_HAL_Driver/Src/stm32f1xx_hal_adc.o
 .debug_frame   0x0000000000000c20      0x5a0 Drivers/STM32F1xx_HAL_Driver/Src/stm32f1xx_hal_can.o
 .debug_frame   0x00000000000011c0      0x428 Drivers/STM32F1xx_HAL_Driver/Src/stm32f1xx_hal_cortex.o
 .debug_frame   0x00000000000015e8      0x208 Drivers/STM32F1xx_HAL_Driver/Src/stm32f1xx_hal_dma.o
 .debug_frame   0x00000000000017f0      0x14c Drivers/STM32F1xx_HAL_Driver/Src/stm32f1xx_hal_gpio.o
 .debug_frame   0x000000000000193c      0x21c Drivers/STM32F1xx_HAL_Driver/Src/stm32f1xx_hal_rcc.o
 .debug_frame   0x0000000000001b58       0x84 Drivers/STM32F1xx_HAL_Driver/Src/stm32f1xx_hal_rcc_ex.o
 .debug_frame   0x0000000000001bdc     0x11b8 Drivers/STM32F1xx_HAL_Driver/Src/stm32f1xx_hal_tim.o
 .debug_frame   0x0000000000002d94      0x638 Drivers/STM32F1xx_HAL_Driver/Src/stm32f1xx_hal_tim_ex.o
 .debug_frame   0x00000000000033cc      0x914 Drivers/STM32F1xx_HAL_Driver/Src/stm32f1xx_hal_uart.o
 .debug_frame   0x0000000000003ce0       0x2c /opt/st/stm32cubeide_1.6.1/plugins/com.st.stm32cube.ide.mcu.externaltools.gnu-tools-for-stm32.9-2020-q2-update.linux64_1.5.0.202011040924/tools/bin/../lib/gcc/arm-none-eabi/9.3.1/../../../../arm-none-eabi/lib/thumb/v7-m/nofp/libc_nano.a(lib_a-init.o)
 .debug_frame   0x0000000000003d0c       0x20 /opt/st/stm32cubeide_1.6.1/plugins/com.st.stm32cube.ide.mcu.externaltools.gnu-tools-for-stm32.9-2020-q2-update.linux64_1.5.0.202011040924/tools/bin/../lib/gcc/arm-none-eabi/9.3.1/../../../../arm-none-eabi/lib/thumb/v7-m/nofp/libc_nano.a(lib_a-memset.o)
